Archive member included because of file (symbol)

/usr/lib/gcc/avr/4.7.0/avr25/libgcc.a(_mulsi3.o)
                              ./main.o (__mulsi3)
/usr/lib/gcc/avr/4.7.0/avr25/libgcc.a(_udivmodsi4.o)
                              ./main.o (__udivmodsi4)
/usr/lib/gcc/avr/4.7.0/avr25/libgcc.a(_exit.o)
                              /usr/lib/gcc/avr/4.7.0/../../../avr/lib/avr25/crttn45.o (exit)
/usr/lib/gcc/avr/4.7.0/avr25/libgcc.a(_clear_bss.o)
                              ./main.o (__do_clear_bss)
/usr/lib/gcc/avr/4.7.0/../../../avr/lib/avr25/libc.a(memset.o)
                              ./main.o (memset)
/usr/lib/gcc/avr/4.7.0/../../../avr/lib/avr25/libc.a(eerd_block_attiny45.o)
                              ./main.o (__eerd_block_tn45)
/usr/lib/gcc/avr/4.7.0/../../../avr/lib/avr25/libc.a(eerd_word_attiny45.o)
                              ./main.o (__eerd_word_tn45)

Allocating common symbols
Common symbol       size              file

msg_delay_end       0x4               ./main.o
timer               0x4               ./main.o
prev_state          0x1               ./main.o
dit_length          0x4               ./main.o
cur_mode            0x1               ./main.o
prev_state_end      0x4               ./main.o
prev_mode           0x1               ./main.o
cur_state           0x1               ./main.o
cur_glyph_p         0x2               ./main.o
msg_delay           0x1               ./main.o
cur_state_end       0x4               ./main.o
wpm                 0x2               ./main.o
prev_msg_p          0x2               ./main.o
next_cwid           0x4               ./main.o
prev_wpm            0x2               ./main.o
cur_msg_p           0x2               ./main.o

Memory Configuration

Name             Origin             Length             Attributes
text             0x0000000000000000 0x0000000000002000 xr
data             0x0000000000800060 0x000000000000ffa0 rw !x
eeprom           0x0000000000810000 0x0000000000010000 rw !x
fuse             0x0000000000820000 0x0000000000000400 rw !x
lock             0x0000000000830000 0x0000000000000400 rw !x
signature        0x0000000000840000 0x0000000000000400 rw !x
*default*        0x0000000000000000 0xffffffffffffffff

Linker script and memory map

LOAD /usr/lib/gcc/avr/4.7.0/../../../avr/lib/avr25/crttn45.o
LOAD ./main.o
LOAD /usr/lib/gcc/avr/4.7.0/avr25/libgcc.a
LOAD /usr/lib/gcc/avr/4.7.0/../../../avr/lib/avr25/libc.a
LOAD /usr/lib/gcc/avr/4.7.0/avr25/libgcc.a

.hash
 *(.hash)

.dynsym
 *(.dynsym)

.dynstr
 *(.dynstr)

.gnu.version
 *(.gnu.version)

.gnu.version_d
 *(.gnu.version_d)

.gnu.version_r
 *(.gnu.version_r)

.rel.init
 *(.rel.init)

.rela.init
 *(.rela.init)

.rel.text
 *(.rel.text)
 *(.rel.text.*)
 *(.rel.gnu.linkonce.t*)

.rela.text
 *(.rela.text)
 *(.rela.text.*)
 *(.rela.gnu.linkonce.t*)

.rel.fini
 *(.rel.fini)

.rela.fini
 *(.rela.fini)

.rel.rodata
 *(.rel.rodata)
 *(.rel.rodata.*)
 *(.rel.gnu.linkonce.r*)

.rela.rodata
 *(.rela.rodata)
 *(.rela.rodata.*)
 *(.rela.gnu.linkonce.r*)

.rel.data
 *(.rel.data)
 *(.rel.data.*)
 *(.rel.gnu.linkonce.d*)

.rela.data
 *(.rela.data)
 *(.rela.data.*)
 *(.rela.gnu.linkonce.d*)

.rel.ctors
 *(.rel.ctors)

.rela.ctors
 *(.rela.ctors)

.rel.dtors
 *(.rel.dtors)

.rela.dtors
 *(.rela.dtors)

.rel.got
 *(.rel.got)

.rela.got
 *(.rela.got)

.rel.bss
 *(.rel.bss)

.rela.bss
 *(.rela.bss)

.rel.plt
 *(.rel.plt)

.rela.plt
 *(.rela.plt)

.text           0x0000000000000000     0x1086
 *(.vectors)
 .vectors       0x0000000000000000       0x1e /usr/lib/gcc/avr/4.7.0/../../../avr/lib/avr25/crttn45.o
                0x0000000000000000                __vectors
                0x0000000000000000                __vector_default
 *(.vectors)
 *(.progmem.gcc*)
 *(.progmem*)
 .progmem.data  0x000000000000001e       0x4a ./main.o
                0x000000000000001e                morsechar
                0x0000000000000059                hell_tune
                0x0000000000000060                dit_speed
                0x0000000000000068                . = ALIGN (0x2)
                0x0000000000000068                __trampolines_start = .
 *(.trampolines)
 .trampolines   0x0000000000000068        0x0 linker stubs
 *(.trampolines*)
                0x0000000000000068                __trampolines_end = .
 *(.jumptables)
 *(.jumptables*)
 *(.lowtext)
 *(.lowtext*)
                0x0000000000000068                __ctors_start = .
 *(.ctors)
                0x0000000000000068                __ctors_end = .
                0x0000000000000068                __dtors_start = .
 *(.dtors)
                0x0000000000000068                __dtors_end = .
 SORT(*)(.ctors)
 SORT(*)(.dtors)
 *(.init0)
 .init0         0x0000000000000068        0x0 /usr/lib/gcc/avr/4.7.0/../../../avr/lib/avr25/crttn45.o
                0x0000000000000068                __init
 *(.init0)
 *(.init1)
 *(.init1)
 *(.init2)
 .init2         0x0000000000000068        0xc /usr/lib/gcc/avr/4.7.0/../../../avr/lib/avr25/crttn45.o
 *(.init2)
 *(.init3)
 *(.init3)
 *(.init4)
 .init4         0x0000000000000074       0x10 /usr/lib/gcc/avr/4.7.0/avr25/libgcc.a(_clear_bss.o)
                0x0000000000000074                __do_clear_bss
 *(.init4)
 *(.init5)
 *(.init5)
 *(.init6)
 *(.init6)
 *(.init7)
 *(.init7)
 *(.init8)
 *(.init8)
 *(.init9)
 .init9         0x0000000000000084        0x4 /usr/lib/gcc/avr/4.7.0/../../../avr/lib/avr25/crttn45.o
 *(.init9)
 *(.text)
 .text          0x0000000000000088        0x2 /usr/lib/gcc/avr/4.7.0/../../../avr/lib/avr25/crttn45.o
                0x0000000000000088                __vector_1
                0x0000000000000088                __vector_12
                0x0000000000000088                __bad_interrupt
                0x0000000000000088                __vector_6
                0x0000000000000088                __vector_3
                0x0000000000000088                __vector_11
                0x0000000000000088                __vector_13
                0x0000000000000088                __vector_7
                0x0000000000000088                __vector_5
                0x0000000000000088                __vector_4
                0x0000000000000088                __vector_9
                0x0000000000000088                __vector_2
                0x0000000000000088                __vector_8
                0x0000000000000088                __vector_14
 .text          0x000000000000008a      0xf4e ./main.o
                0x000000000000008a                __vector_10
                0x0000000000000106                set_wpm
                0x0000000000000152                get_msg_delay
                0x0000000000000186                init_tx
                0x000000000000026a                debounce
                0x0000000000000332                reset_buffer
                0x000000000000036c                init_cwid
                0x0000000000000452                tx_on
                0x0000000000000484                tx_off
                0x00000000000004b6                main
 .text          0x0000000000000fd8        0x0 /usr/lib/gcc/avr/4.7.0/avr25/libgcc.a(_mulsi3.o)
 .text          0x0000000000000fd8        0x0 /usr/lib/gcc/avr/4.7.0/avr25/libgcc.a(_udivmodsi4.o)
 .text          0x0000000000000fd8        0x0 /usr/lib/gcc/avr/4.7.0/avr25/libgcc.a(_exit.o)
 .text          0x0000000000000fd8        0x0 /usr/lib/gcc/avr/4.7.0/avr25/libgcc.a(_clear_bss.o)
 .text          0x0000000000000fd8        0x0 /usr/lib/gcc/avr/4.7.0/../../../avr/lib/avr25/libc.a(memset.o)
 .text          0x0000000000000fd8        0x0 /usr/lib/gcc/avr/4.7.0/../../../avr/lib/avr25/libc.a(eerd_block_attiny45.o)
 .text          0x0000000000000fd8        0x0 /usr/lib/gcc/avr/4.7.0/../../../avr/lib/avr25/libc.a(eerd_word_attiny45.o)
                0x0000000000000fd8                . = ALIGN (0x2)
 *(.text.*)
 .text.libgcc.mul
                0x0000000000000fd8       0x32 /usr/lib/gcc/avr/4.7.0/avr25/libgcc.a(_mulsi3.o)
                0x0000000000000fd8                __mulsi3
 .text.libgcc.div
                0x000000000000100a        0x0 /usr/lib/gcc/avr/4.7.0/avr25/libgcc.a(_mulsi3.o)
 .text.libgcc   0x000000000000100a        0x0 /usr/lib/gcc/avr/4.7.0/avr25/libgcc.a(_mulsi3.o)
 .text.libgcc.prologue
                0x000000000000100a        0x0 /usr/lib/gcc/avr/4.7.0/avr25/libgcc.a(_mulsi3.o)
 .text.libgcc.builtins
                0x000000000000100a        0x0 /usr/lib/gcc/avr/4.7.0/avr25/libgcc.a(_mulsi3.o)
 .text.libgcc.fmul
                0x000000000000100a        0x0 /usr/lib/gcc/avr/4.7.0/avr25/libgcc.a(_mulsi3.o)
 .text.libgcc.mul
                0x000000000000100a        0x0 /usr/lib/gcc/avr/4.7.0/avr25/libgcc.a(_udivmodsi4.o)
 .text.libgcc.div
                0x000000000000100a       0x44 /usr/lib/gcc/avr/4.7.0/avr25/libgcc.a(_udivmodsi4.o)
                0x000000000000100a                __udivmodsi4
 .text.libgcc   0x000000000000104e        0x0 /usr/lib/gcc/avr/4.7.0/avr25/libgcc.a(_udivmodsi4.o)
 .text.libgcc.prologue
                0x000000000000104e        0x0 /usr/lib/gcc/avr/4.7.0/avr25/libgcc.a(_udivmodsi4.o)
 .text.libgcc.builtins
                0x000000000000104e        0x0 /usr/lib/gcc/avr/4.7.0/avr25/libgcc.a(_udivmodsi4.o)
 .text.libgcc.fmul
                0x000000000000104e        0x0 /usr/lib/gcc/avr/4.7.0/avr25/libgcc.a(_udivmodsi4.o)
 .text.libgcc.mul
                0x000000000000104e        0x0 /usr/lib/gcc/avr/4.7.0/avr25/libgcc.a(_exit.o)
 .text.libgcc.div
                0x000000000000104e        0x0 /usr/lib/gcc/avr/4.7.0/avr25/libgcc.a(_exit.o)
 .text.libgcc   0x000000000000104e        0x0 /usr/lib/gcc/avr/4.7.0/avr25/libgcc.a(_exit.o)
 .text.libgcc.prologue
                0x000000000000104e        0x0 /usr/lib/gcc/avr/4.7.0/avr25/libgcc.a(_exit.o)
 .text.libgcc.builtins
                0x000000000000104e        0x0 /usr/lib/gcc/avr/4.7.0/avr25/libgcc.a(_exit.o)
 .text.libgcc.fmul
                0x000000000000104e        0x0 /usr/lib/gcc/avr/4.7.0/avr25/libgcc.a(_exit.o)
 .text.libgcc.mul
                0x000000000000104e        0x0 /usr/lib/gcc/avr/4.7.0/avr25/libgcc.a(_clear_bss.o)
 .text.libgcc.div
                0x000000000000104e        0x0 /usr/lib/gcc/avr/4.7.0/avr25/libgcc.a(_clear_bss.o)
 .text.libgcc   0x000000000000104e        0x0 /usr/lib/gcc/avr/4.7.0/avr25/libgcc.a(_clear_bss.o)
 .text.libgcc.prologue
                0x000000000000104e        0x0 /usr/lib/gcc/avr/4.7.0/avr25/libgcc.a(_clear_bss.o)
 .text.libgcc.builtins
                0x000000000000104e        0x0 /usr/lib/gcc/avr/4.7.0/avr25/libgcc.a(_clear_bss.o)
 .text.libgcc.fmul
                0x000000000000104e        0x0 /usr/lib/gcc/avr/4.7.0/avr25/libgcc.a(_clear_bss.o)
 .text.avr-libc
                0x000000000000104e        0xe /usr/lib/gcc/avr/4.7.0/../../../avr/lib/avr25/libc.a(memset.o)
                0x000000000000104e                memset
 .text.avr-libc
                0x000000000000105c       0x1e /usr/lib/gcc/avr/4.7.0/../../../avr/lib/avr25/libc.a(eerd_block_attiny45.o)
                0x000000000000105c                __eerd_block_tn45
                0x0000000000001060                __eerd_blraw_tn45
 .text.avr-libc
                0x000000000000107a        0x8 /usr/lib/gcc/avr/4.7.0/../../../avr/lib/avr25/libc.a(eerd_word_attiny45.o)
                0x000000000000107a                __eerd_word_tn45
                0x0000000000001082                . = ALIGN (0x2)
 *(.fini9)
 .fini9         0x0000000000001082        0x0 /usr/lib/gcc/avr/4.7.0/avr25/libgcc.a(_exit.o)
                0x0000000000001082                exit
                0x0000000000001082                _exit
 *(.fini9)
 *(.fini8)
 *(.fini8)
 *(.fini7)
 *(.fini7)
 *(.fini6)
 *(.fini6)
 *(.fini5)
 *(.fini5)
 *(.fini4)
 *(.fini4)
 *(.fini3)
 *(.fini3)
 *(.fini2)
 *(.fini2)
 *(.fini1)
 *(.fini1)
 *(.fini0)
 .fini0         0x0000000000001082        0x4 /usr/lib/gcc/avr/4.7.0/avr25/libgcc.a(_exit.o)
 *(.fini0)
                0x0000000000001086                _etext = .

.data           0x0000000000800060        0x0 load address 0x0000000000001086
                0x0000000000800060                PROVIDE (__data_start, .)
 *(.data)
 .data          0x0000000000800060        0x0 /usr/lib/gcc/avr/4.7.0/../../../avr/lib/avr25/crttn45.o
 .data          0x0000000000800060        0x0 ./main.o
 .data          0x0000000000800060        0x0 /usr/lib/gcc/avr/4.7.0/avr25/libgcc.a(_mulsi3.o)
 .data          0x0000000000800060        0x0 /usr/lib/gcc/avr/4.7.0/avr25/libgcc.a(_udivmodsi4.o)
 .data          0x0000000000800060        0x0 /usr/lib/gcc/avr/4.7.0/avr25/libgcc.a(_exit.o)
 .data          0x0000000000800060        0x0 /usr/lib/gcc/avr/4.7.0/avr25/libgcc.a(_clear_bss.o)
 .data          0x0000000000800060        0x0 /usr/lib/gcc/avr/4.7.0/../../../avr/lib/avr25/libc.a(memset.o)
 .data          0x0000000000800060        0x0 /usr/lib/gcc/avr/4.7.0/../../../avr/lib/avr25/libc.a(eerd_block_attiny45.o)
 .data          0x0000000000800060        0x0 /usr/lib/gcc/avr/4.7.0/../../../avr/lib/avr25/libc.a(eerd_word_attiny45.o)
 *(.data*)
 *(.rodata)
 *(.rodata*)
 *(.gnu.linkonce.d*)
                0x0000000000800060                . = ALIGN (0x2)
                0x0000000000800060                _edata = .
                0x0000000000800060                PROVIDE (__data_end, .)

.bss            0x0000000000800060       0x57
                0x0000000000800060                PROVIDE (__bss_start, .)
 *(.bss)
 .bss           0x0000000000800060        0x0 /usr/lib/gcc/avr/4.7.0/../../../avr/lib/avr25/crttn45.o
 .bss           0x0000000000800060       0x30 ./main.o
                0x0000000000800060                cur_timer
                0x0000000000800064                cur_character
                0x0000000000800065                prev_character
                0x0000000000800066                cwid
 .bss           0x0000000000800090        0x0 /usr/lib/gcc/avr/4.7.0/avr25/libgcc.a(_mulsi3.o)
 .bss           0x0000000000800090        0x0 /usr/lib/gcc/avr/4.7.0/avr25/libgcc.a(_udivmodsi4.o)
 .bss           0x0000000000800090        0x0 /usr/lib/gcc/avr/4.7.0/avr25/libgcc.a(_exit.o)
 .bss           0x0000000000800090        0x0 /usr/lib/gcc/avr/4.7.0/avr25/libgcc.a(_clear_bss.o)
 .bss           0x0000000000800090        0x0 /usr/lib/gcc/avr/4.7.0/../../../avr/lib/avr25/libc.a(memset.o)
 .bss           0x0000000000800090        0x0 /usr/lib/gcc/avr/4.7.0/../../../avr/lib/avr25/libc.a(eerd_block_attiny45.o)
 .bss           0x0000000000800090        0x0 /usr/lib/gcc/avr/4.7.0/../../../avr/lib/avr25/libc.a(eerd_word_attiny45.o)
 *(.bss*)
 *(COMMON)
 COMMON         0x0000000000800090       0x27 ./main.o
                0x0000000000800090                msg_delay_end
                0x0000000000800094                timer
                0x0000000000800098                prev_state
                0x0000000000800099                dit_length
                0x000000000080009d                cur_mode
                0x000000000080009e                prev_state_end
                0x00000000008000a2                prev_mode
                0x00000000008000a3                cur_state
                0x00000000008000a4                cur_glyph_p
                0x00000000008000a6                msg_delay
                0x00000000008000a7                cur_state_end
                0x00000000008000ab                wpm
                0x00000000008000ad                prev_msg_p
                0x00000000008000af                next_cwid
                0x00000000008000b3                prev_wpm
                0x00000000008000b5                cur_msg_p
                0x00000000008000b7                PROVIDE (__bss_end, .)
                0x0000000000001086                __data_load_start = LOADADDR (.data)
                0x0000000000001086                __data_load_end = (__data_load_start + SIZEOF (.data))

.noinit         0x00000000008000b7        0x0
                0x00000000008000b7                PROVIDE (__noinit_start, .)
 *(.noinit*)
                0x00000000008000b7                PROVIDE (__noinit_end, .)
                0x00000000008000b7                _end = .
                0x00000000008000b7                PROVIDE (__heap_start, .)

.eeprom         0x0000000000810000       0x2b
 *(.eeprom*)
 .eeprom        0x0000000000810000       0x2b ./main.o
                0x0000000000810000                ee_wpm
                0x0000000000810002                ee_msg_mem
                0x000000000081002b                __eeprom_end = .

.fuse
 *(.fuse)
 *(.lfuse)
 *(.hfuse)
 *(.efuse)

.lock
 *(.lock*)

.signature
 *(.signature*)

.stab           0x0000000000000000     0x19b0
 *(.stab)
 .stab          0x0000000000000000      0x6cc /usr/lib/gcc/avr/4.7.0/../../../avr/lib/avr25/crttn45.o
 .stab          0x00000000000006cc     0x1128 ./main.o
                                       0x1134 (size before relaxing)
 .stab          0x00000000000017f4       0x6c /usr/lib/gcc/avr/4.7.0/../../../avr/lib/avr25/libc.a(memset.o)
                                         0x78 (size before relaxing)
 .stab          0x0000000000001860       0xf0 /usr/lib/gcc/avr/4.7.0/../../../avr/lib/avr25/libc.a(eerd_block_attiny45.o)
                                         0xfc (size before relaxing)
 .stab          0x0000000000001950       0x60 /usr/lib/gcc/avr/4.7.0/../../../avr/lib/avr25/libc.a(eerd_word_attiny45.o)
                                         0x6c (size before relaxing)

.stabstr        0x0000000000000000      0xda1
 *(.stabstr)
 .stabstr       0x0000000000000000      0xda1 /usr/lib/gcc/avr/4.7.0/../../../avr/lib/avr25/crttn45.o

.stab.excl
 *(.stab.excl)

.stab.exclstr
 *(.stab.exclstr)

.stab.index
 *(.stab.index)

.stab.indexstr
 *(.stab.indexstr)

.comment        0x0000000000000000       0x11
 *(.comment)
 .comment       0x0000000000000000       0x11 ./main.o
                                         0x12 (size before relaxing)

.debug
 *(.debug)

.line
 *(.line)

.debug_srcinfo
 *(.debug_srcinfo)

.debug_sfnames
 *(.debug_sfnames)

.debug_aranges
 *(.debug_aranges)

.debug_pubnames
 *(.debug_pubnames)

.debug_info
 *(.debug_info)
 *(.gnu.linkonce.wi.*)

.debug_abbrev
 *(.debug_abbrev)

.debug_line
 *(.debug_line)

.debug_frame
 *(.debug_frame)

.debug_str
 *(.debug_str)

.debug_loc
 *(.debug_loc)

.debug_macinfo
 *(.debug_macinfo)
OUTPUT(OpenBeaconMini.elf elf32-avr)
LOAD linker stubs
